// Jest Snapshot v1, https://goo.gl/fbAQLP

exports[`OffersListTitle correctly renders 1`] = `
<b
  className="places__found"
>
  1
  Â 
  place
   to stay in 
  Amsterdam
</b>
`;
