// Jest Snapshot v1, https://goo.gl/fbAQLP

exports[`ErrorScreen correctly renders 1`] = `
<div
  className="page page--main"
>
  <main
    className="page__main page__main--index page__main--index-empty"
  >
    <div
      className="cities"
    >
      <div
        className="cities__places-container cities__places-container--empty container"
      >
        <section
          className="cities__no-places"
        >
          <div
            className="cities__status-wrapper cities__status-wrapper--error tabs__content"
          >
            <b
              className="cities__status"
            >
              Test error message
            </b>
          </div>
        </section>
        <div
          className="cities__right-section"
        />
      </div>
    </div>
  </main>
</div>
`;
