// Jest Snapshot v1, https://goo.gl/fbAQLP

exports[`AuthorizationScreenForm correctly renders 1`] = `
<section
  className="login"
>
  <h1
    className="login__title"
  >
    Sign in
  </h1>
  <form
    className="login__form form"
    onSubmit={[Function]}
  >
    <div
      className="login__input-wrapper form__input-wrapper"
    >
      <label
        className="visually-hidden"
      >
        E-mail
      </label>
      <input
        className="login__input form__input"
        name="email"
        placeholder="Email"
        required={false}
        type="email"
      />
    </div>
    <div
      className="login__input-wrapper form__input-wrapper"
    >
      <label
        className="visually-hidden"
      >
        Password
      </label>
      <input
        className="login__input form__input"
        name="password"
        placeholder="Password"
        required={false}
        type="password"
      />
    </div>
    <button
      className="login__submit form__submit button"
      disabled={false}
      type="submit"
    >
      Sign in
    </button>
    <div
      style={
        Object {
          "color": "red",
          "fontSize": "14px",
          "position": "relative",
        }
      }
    >
      <p
        className="login__error-message"
        style={
          Object {
            "position": "absolute",
          }
        }
      >
        test
      </p>
    </div>
  </form>
</section>
`;
