// Jest Snapshot v1, https://goo.gl/fbAQLP

exports[`OffersListSort correctly renders 1`] = `
<form
  action="#"
  className="places__sorting"
  method="get"
>
  <span
    className="places__sorting-caption"
  >
    Sort by
  </span>
  <span
    className="places__sorting-type"
    onClick={[Function]}
    style={
      Object {
        "paddingLeft": "5px",
      }
    }
  >
    Popular
    <svg
      className="places__sorting-arrow"
      height="4"
      style={
        Object {
          "transform": "rotateX(0deg)",
        }
      }
      width="7"
    >
      <use
        xlinkHref="#icon-arrow-select"
      />
    </svg>
  </span>
  <ul
    className="places__options places__options--custom places__options--opened"
    style={
      Object {
        "display": "none",
      }
    }
  >
    <li
      className="places__option places__option--active"
      onClick={[Function]}
    >
      Popular
    </li>
    <li
      className="places__option false"
      onClick={[Function]}
    >
      Price: low to high
    </li>
    <li
      className="places__option false"
      onClick={[Function]}
    >
      Price: high to low
    </li>
    <li
      className="places__option false"
      onClick={[Function]}
    >
      Top rated first
    </li>
  </ul>
</form>
`;
